Traffic_light.c:27:6:convert	24	static
Traffic_light.c:45:6:traffic_double_display_convert	32	static
Traffic_light.c:107:6:traffic_double_display	32	static
Traffic_light.c:188:6:traffic_display	24	static
Traffic_light.c:209:6:traffic_init	8	static
Traffic_light.c:224:6:traffic_green_red	8	static
Traffic_light.c:236:6:traffic_yellow_red	8	static
Traffic_light.c:256:6:traffic_red_red1	8	static
Traffic_light.c:269:6:traffic_red_green	8	static
Traffic_light.c:281:6:traffic_red_yellow	8	static
Traffic_light.c:310:6:traffic_mannual_green_red	8	static
Traffic_light.c:318:6:traffic_mannual_yellow_red	8	static
Traffic_light.c:326:6:traffic_mannual_red_green	8	static
Traffic_light.c:334:6:traffic_mannual_red_yellow	8	static
Traffic_light.c:342:6:traffic_set_time_red	8	static
Traffic_light.c:367:6:traffic_set_time_yellow	8	static
Traffic_light.c:393:6:traffic_set_time_green	8	static
